2026-09-10 16:01:59 WARN  [HikariPool-29:housekeeper] com.zaxxer.hikari.pool.HikariPool - HikariPool-29 - Thread starvation or clock leap detected (housekeeper delta=6d3h21m44s10ms964µs500ns).
2026-09-10 16:01:59 DEBUG [HikariPool-29:housekeeper] com.zaxxer.hikari.pool.HikariPool - HikariPool-29 - Pool stats (total=10/10, idle=10/10, active=0, waiting=0)
2026-09-10 16:01:59 DEBUG [HikariPool-29:housekeeper] com.zaxxer.hikari.pool.HikariPool - HikariPool-29 - Fill pool skipped, pool has sufficient level or currently being filled.
2026-09-10 16:01:59 DEBUG [HikariPool-29:housekeeper] com.zaxxer.hikari.pool.HikariPool - HikariPool-29 - keepalive: connection com.mysql.cj.jdbc.ConnectionImpl@776bcb7 is alive
2026-09-10 16:01:59 DEBUG [HikariPool-29:housekeeper] com.zaxxer.hikari.pool.HikariPool - HikariPool-29 - keepalive: connection com.mysql.cj.jdbc.ConnectionImpl@122a3d32 is alive
2026-09-10 16:01:59 DEBUG [HikariPool-29:housekeeper] com.zaxxer.hikari.pool.HikariPool - HikariPool-29 - keepalive: connection com.mysql.cj.jdbc.ConnectionImpl@4e0e9c13 is alive
2026-09-10 16:01:59 DEBUG [HikariPool-29:housekeeper] com.zaxxer.hikari.pool.HikariPool - HikariPool-29 - keepalive: connection com.mysql.cj.jdbc.ConnectionImpl@23433a4e is alive
2026-09-10 16:01:59 DEBUG [HikariPool-29:housekeeper] com.zaxxer.hikari.pool.HikariPool - HikariPool-29 - keepalive: connection com.mysql.cj.jdbc.ConnectionImpl@23ccccfd is alive
2026-09-10 16:01:59 DEBUG [HikariPool-29:housekeeper] com.zaxxer.hikari.pool.HikariPool - HikariPool-29 - keepalive: connection com.mysql.cj.jdbc.ConnectionImpl@1ff14e8b is alive
2026-09-10 16:01:59 DEBUG [HikariPool-29:housekeeper] com.zaxxer.hikari.pool.HikariPool - HikariPool-29 - keepalive: connection com.mysql.cj.jdbc.ConnectionImpl@47227ac4 is alive
2026-09-10 16:01:59 DEBUG [HikariPool-29:housekeeper] com.zaxxer.hikari.pool.HikariPool - HikariPool-29 - keepalive: connection com.mysql.cj.jdbc.ConnectionImpl@627e3075 is alive
2026-09-10 16:01:59 DEBUG [HikariPool-29:housekeeper] com.zaxxer.hikari.pool.HikariPool - HikariPool-29 - keepalive: connection com.mysql.cj.jdbc.ConnectionImpl@436cc501 is alive
2026-09-10 16:01:59 DEBUG [HikariPool-29:housekeeper] com.zaxxer.hikari.pool.HikariPool - HikariPool-29 - keepalive: connection com.mysql.cj.jdbc.ConnectionImpl@2e92dbbe is alive
2026-09-10 16:01:59 DEBUG [HikariPool-29:connection-closer] com.zaxxer.hikari.pool.PoolBase - HikariPool-29 - Closing connection com.mysql.cj.jdbc.ConnectionImpl@776bcb7: (connection has passed maxLifetime)
2026-09-10 16:01:59 DEBUG [HikariPool-29:connection-closer] com.zaxxer.hikari.pool.PoolBase - HikariPool-29 - Closing connection com.mysql.cj.jdbc.ConnectionImpl@627e3075: (connection has passed maxLifetime)
2026-09-10 16:01:59 DEBUG [HikariPool-29:connection-closer] com.zaxxer.hikari.pool.PoolBase - HikariPool-29 - Closing connection com.mysql.cj.jdbc.ConnectionImpl@436cc501: (connection has passed maxLifetime)
2026-09-10 16:01:59 DEBUG [HikariPool-29:connection-adder] com.zaxxer.hikari.pool.PoolBase - HikariPool-29 - Attempting to create/setup new connection (b5c6277e-03e8-4061-82ec-c7cd0027532f)
2026-09-10 16:02:00 DEBUG [HikariPool-29:connection-closer] com.zaxxer.hikari.pool.PoolBase - HikariPool-29 - Closing connection com.mysql.cj.jdbc.ConnectionImpl@4e0e9c13: (connection has passed maxLifetime)
2026-09-10 16:02:00 DEBUG [HikariPool-29:connection-closer] com.zaxxer.hikari.pool.PoolBase - HikariPool-29 - Closing connection com.mysql.cj.jdbc.ConnectionImpl@23433a4e: (connection has passed maxLifetime)
2026-09-10 16:02:00 DEBUG [HikariPool-29:connection-closer] com.zaxxer.hikari.pool.PoolBase - HikariPool-29 - Closing connection com.mysql.cj.jdbc.ConnectionImpl@23ccccfd: (connection has passed maxLifetime)
2026-09-10 16:02:00 DEBUG [HikariPool-29:connection-closer] com.zaxxer.hikari.pool.PoolBase - HikariPool-29 - Closing connection com.mysql.cj.jdbc.ConnectionImpl@47227ac4: (connection has passed maxLifetime)
2026-09-10 16:02:00 DEBUG [HikariPool-29:connection-closer] com.zaxxer.hikari.pool.PoolBase - HikariPool-29 - Closing connection com.mysql.cj.jdbc.ConnectionImpl@1ff14e8b: (connection has passed maxLifetime)
2026-09-10 16:02:00 DEBUG [HikariPool-29:connection-closer] com.zaxxer.hikari.pool.PoolBase - HikariPool-29 - Closing connection com.mysql.cj.jdbc.ConnectionImpl@2e92dbbe: (connection has passed maxLifetime)
2026-09-10 16:02:00 DEBUG [HikariPool-29:connection-closer] com.zaxxer.hikari.pool.PoolBase - HikariPool-29 - Closing connection com.mysql.cj.jdbc.ConnectionImpl@122a3d32: (connection has passed maxLifetime)
2026-09-10 16:02:00 DEBUG [HikariPool-29:connection-adder] com.zaxxer.hikari.pool.PoolBase - HikariPool-29 - Established new connection (b5c6277e-03e8-4061-82ec-c7cd0027532f)
2026-09-10 16:02:00 DEBUG [HikariPool-29:connection-adder] com.zaxxer.hikari.pool.HikariPool - HikariPool-29 - Added connection com.mysql.cj.jdbc.ConnectionImpl@370e27b7
2026-09-10 16:02:00 DEBUG [HikariPool-29:connection-adder] com.zaxxer.hikari.pool.PoolBase - HikariPool-29 - Attempting to create/setup new connection (f5ac0c57-9870-4d53-81bc-595c4dc257a5)
2026-09-10 16:02:00 DEBUG [HikariPool-29:connection-adder] com.zaxxer.hikari.pool.PoolBase - HikariPool-29 - Established new connection (f5ac0c57-9870-4d53-81bc-595c4dc257a5)
2026-09-10 16:02:00 DEBUG [HikariPool-29:connection-adder] com.zaxxer.hikari.pool.HikariPool - HikariPool-29 - Added connection com.mysql.cj.jdbc.ConnectionImpl@7d1345c0
2026-09-10 16:02:00 DEBUG [HikariPool-29:connection-adder] com.zaxxer.hikari.pool.PoolBase - HikariPool-29 - Attempting to create/setup new connection (6cab39bc-500d-44e9-8688-d2a89488388d)
2026-09-10 16:02:00 DEBUG [HikariPool-29:connection-adder] com.zaxxer.hikari.pool.PoolBase - HikariPool-29 - Established new connection (6cab39bc-500d-44e9-8688-d2a89488388d)
2026-09-10 16:02:00 DEBUG [HikariPool-29:connection-adder] com.zaxxer.hikari.pool.HikariPool - HikariPool-29 - Added connection com.mysql.cj.jdbc.ConnectionImpl@5418ac8
2026-09-10 16:02:00 DEBUG [HikariPool-29:connection-adder] com.zaxxer.hikari.pool.PoolBase - HikariPool-29 - Attempting to create/setup new connection (9255cd28-d1d6-4198-9d3d-293a799909fd)
2026-09-10 16:02:00 DEBUG [HikariPool-29:connection-adder] com.zaxxer.hikari.pool.PoolBase - HikariPool-29 - Established new connection (9255cd28-d1d6-4198-9d3d-293a799909fd)
2026-09-10 16:02:00 DEBUG [HikariPool-29:connection-adder] com.zaxxer.hikari.pool.HikariPool - HikariPool-29 - Added connection com.mysql.cj.jdbc.ConnectionImpl@75f93abc
2026-09-10 16:02:00 DEBUG [HikariPool-29:connection-adder] com.zaxxer.hikari.pool.PoolBase - HikariPool-29 - Attempting to create/setup new connection (660980ab-1371-423a-acc8-55bba41ed4b2)
2026-09-10 16:02:00 DEBUG [HikariPool-29:connection-adder] com.zaxxer.hikari.pool.PoolBase - HikariPool-29 - Established new connection (660980ab-1371-423a-acc8-55bba41ed4b2)
2026-09-10 16:02:00 DEBUG [HikariPool-29:connection-adder] com.zaxxer.hikari.pool.HikariPool - HikariPool-29 - Added connection com.mysql.cj.jdbc.ConnectionImpl@1e45a5f2
2026-09-10 16:02:00 DEBUG [HikariPool-29:connection-adder] com.zaxxer.hikari.pool.PoolBase - HikariPool-29 - Attempting to create/setup new connection (08a71ca5-b174-4040-9594-e5c063130e14)
2026-09-10 16:02:00 DEBUG [HikariPool-29:connection-adder] com.zaxxer.hikari.pool.PoolBase - HikariPool-29 - Established new connection (08a71ca5-b174-4040-9594-e5c063130e14)
2026-09-10 16:02:00 DEBUG [HikariPool-29:connection-adder] com.zaxxer.hikari.pool.HikariPool - HikariPool-29 - Added connection com.mysql.cj.jdbc.ConnectionImpl@2a7dda44
2026-09-10 16:02:00 DEBUG [HikariPool-29:connection-adder] com.zaxxer.hikari.pool.PoolBase - HikariPool-29 - Attempting to create/setup new connection (846fa3d1-ac74-441b-ac83-712b38dd4a2e)
2026-09-10 16:02:00 DEBUG [HikariPool-29:connection-adder] com.zaxxer.hikari.pool.PoolBase - HikariPool-29 - Established new connection (846fa3d1-ac74-441b-ac83-712b38dd4a2e)
2026-09-10 16:02:00 DEBUG [HikariPool-29:connection-adder] com.zaxxer.hikari.pool.HikariPool - HikariPool-29 - Added connection com.mysql.cj.jdbc.ConnectionImpl@5563b532
2026-09-10 16:02:00 DEBUG [HikariPool-29:connection-adder] com.zaxxer.hikari.pool.PoolBase - HikariPool-29 - Attempting to create/setup new connection (975e5d63-53b5-48cf-a26c-5568367aa9ea)
2026-09-10 16:02:00 DEBUG [HikariPool-29:connection-adder] com.zaxxer.hikari.pool.PoolBase - HikariPool-29 - Established new connection (975e5d63-53b5-48cf-a26c-5568367aa9ea)
2026-09-10 16:02:00 DEBUG [HikariPool-29:connection-adder] com.zaxxer.hikari.pool.HikariPool - HikariPool-29 - Added connection com.mysql.cj.jdbc.ConnectionImpl@6eed23c9
2026-09-10 16:02:00 DEBUG [HikariPool-29:connection-adder] com.zaxxer.hikari.pool.PoolBase - HikariPool-29 - Attempting to create/setup new connection (ab58b8e6-4e2c-4ee7-90b9-096fa97cd903)
2026-09-10 16:02:00 DEBUG [HikariPool-29:connection-adder] com.zaxxer.hikari.pool.PoolBase - HikariPool-29 - Established new connection (ab58b8e6-4e2c-4ee7-90b9-096fa97cd903)
2026-09-10 16:02:00 DEBUG [HikariPool-29:connection-adder] com.zaxxer.hikari.pool.HikariPool - HikariPool-29 - Added connection com.mysql.cj.jdbc.ConnectionImpl@17d5a72d
2026-09-10 16:02:00 DEBUG [HikariPool-29:connection-adder] com.zaxxer.hikari.pool.PoolBase - HikariPool-29 - Attempting to create/setup new connection (ef2077e3-9f79-4ecf-b4a1-78fb87b46d48)
2026-09-10 16:02:01 DEBUG [HikariPool-29:connection-adder] com.zaxxer.hikari.pool.PoolBase - HikariPool-29 - Established new connection (ef2077e3-9f79-4ecf-b4a1-78fb87b46d48)
2026-09-10 16:02:01 DEBUG [HikariPool-29:connection-adder] com.zaxxer.hikari.pool.HikariPool - HikariPool-29 - Added connection com.mysql.cj.jdbc.ConnectionImpl@9a76843
2026-09-10 16:02:01 DEBUG [HikariPool-29:connection-adder] com.zaxxer.hikari.pool.HikariPool - HikariPool-29 - Connection not added, stats (total=10/10, idle=10/10, active=0, waiting=0)
2026-09-10 16:02:29 DEBUG [HikariPool-29:housekeeper] com.zaxxer.hikari.pool.HikariPool - HikariPool-29 - Pool stats (total=10/10, idle=10/10, active=0, waiting=0)
2026-09-10 16:02:29 DEBUG [HikariPool-29:housekeeper] com.zaxxer.hikari.pool.HikariPool - HikariPool-29 - Fill pool skipped, pool has sufficient level or currently being filled.
2026-09-10 16:02:51 DEBUG [HikariPool-29:housekeeper] com.zaxxer.hikari.pool.HikariPool - HikariPool-29 - Pool stats (total=10/10, idle=10/10, active=0, waiting=0)
2026-09-10 16:02:51 DEBUG [HikariPool-29:housekeeper] com.zaxxer.hikari.pool.HikariPool - HikariPool-29 - Fill pool skipped, pool has sufficient level or currently being filled.
2026-09-10 16:03:21 DEBUG [HikariPool-29:housekeeper] com.zaxxer.hikari.pool.HikariPool - HikariPool-29 - Pool stats (total=10/10, idle=10/10, active=0, waiting=0)
2026-09-10 16:03:21 DEBUG [HikariPool-29:housekeeper] com.zaxxer.hikari.pool.HikariPool - HikariPool-29 - Fill pool skipped, pool has sufficient level or currently being filled.
2026-09-10 16:03:30 DEBUG [HikariPool-29:housekeeper] com.zaxxer.hikari.pool.HikariPool - HikariPool-29 - keepalive: connection com.mysql.cj.jdbc.ConnectionImpl@1e45a5f2 is alive
2026-09-10 16:03:30 DEBUG [HikariPool-29:housekeeper] com.zaxxer.hikari.pool.HikariPool - HikariPool-29 - keepalive: connection com.mysql.cj.jdbc.ConnectionImpl@6eed23c9 is alive
2026-09-10 16:03:30 DEBUG [HikariPool-29:housekeeper] com.zaxxer.hikari.pool.HikariPool - HikariPool-29 - keepalive: connection com.mysql.cj.jdbc.ConnectionImpl@2a7dda44 is alive
2026-09-10 16:03:33 DEBUG [HikariPool-29:housekeeper] com.zaxxer.hikari.pool.HikariPool - HikariPool-29 - keepalive: connection com.mysql.cj.jdbc.ConnectionImpl@17d5a72d is alive
2026-09-10 16:03:34 DEBUG [HikariPool-29:housekeeper] com.zaxxer.hikari.pool.HikariPool - HikariPool-29 - keepalive: connection com.mysql.cj.jdbc.ConnectionImpl@75f93abc is alive
2026-09-10 16:03:35 DEBUG [HikariPool-29:housekeeper] com.zaxxer.hikari.pool.HikariPool - HikariPool-29 - keepalive: connection com.mysql.cj.jdbc.ConnectionImpl@370e27b7 is alive
2026-09-10 16:03:36 DEBUG [HikariPool-29:housekeeper] com.zaxxer.hikari.pool.HikariPool - HikariPool-29 - keepalive: connection com.mysql.cj.jdbc.ConnectionImpl@9a76843 is alive
2026-09-10 16:03:44 DEBUG [HikariPool-29:housekeeper] com.zaxxer.hikari.pool.HikariPool - HikariPool-29 - keepalive: connection com.mysql.cj.jdbc.ConnectionImpl@5563b532 is alive
2026-09-10 16:03:46 DEBUG [HikariPool-29:housekeeper] com.zaxxer.hikari.pool.HikariPool - HikariPool-29 - keepalive: connection com.mysql.cj.jdbc.ConnectionImpl@7d1345c0 is alive
2026-09-10 16:03:48 DEBUG [HikariPool-29:housekeeper] com.zaxxer.hikari.pool.HikariPool - HikariPool-29 - keepalive: connection com.mysql.cj.jdbc.ConnectionImpl@5418ac8 is alive
2026-09-10 16:03:51 DEBUG [HikariPool-29:housekeeper] com.zaxxer.hikari.pool.HikariPool - HikariPool-29 - Pool stats (total=10/10, idle=10/10, active=0, waiting=0)
2026-09-10 16:03:51 DEBUG [HikariPool-29:housekeeper] com.zaxxer.hikari.pool.HikariPool - HikariPool-29 - Fill pool skipped, pool has sufficient level or currently being filled.
2026-09-10 16:04:21 DEBUG [HikariPool-29:housekeeper] com.zaxxer.hikari.pool.HikariPool - HikariPool-29 - Pool stats (total=10/10, idle=10/10, active=0, waiting=0)
2026-09-10 16:04:21 DEBUG [HikariPool-29:housekeeper] com.zaxxer.hikari.pool.HikariPool - HikariPool-29 - Fill pool skipped, pool has sufficient level or currently being filled.
2026-09-10 16:04:51 DEBUG [HikariPool-29:housekeeper] com.zaxxer.hikari.pool.HikariPool - HikariPool-29 - Pool stats (total=10/10, idle=10/10, active=0, waiting=0)
2026-09-10 16:04:51 DEBUG [HikariPool-29:housekeeper] com.zaxxer.hikari.pool.HikariPool - HikariPool-29 - Fill pool skipped, pool has sufficient level or currently being filled.
2026-09-10 16:05:07 DEBUG [HikariPool-29:housekeeper] com.zaxxer.hikari.pool.HikariPool - HikariPool-29 - keepalive: connection com.mysql.cj.jdbc.ConnectionImpl@6eed23c9 is alive
2026-09-10 16:05:08 DEBUG [HikariPool-29:housekeeper] com.zaxxer.hikari.pool.HikariPool - HikariPool-29 - keepalive: connection com.mysql.cj.jdbc.ConnectionImpl@1e45a5f2 is alive
2026-09-10 16:05:09 DEBUG [HikariPool-29:housekeeper] com.zaxxer.hikari.pool.HikariPool - HikariPool-29 - keepalive: connection com.mysql.cj.jdbc.ConnectionImpl@2a7dda44 is alive
2026-09-10 16:05:14 DEBUG [HikariPool-29:housekeeper] com.zaxxer.hikari.pool.HikariPool - HikariPool-29 - keepalive: connection com.mysql.cj.jdbc.ConnectionImpl@17d5a72d is alive
2026-09-10 16:05:17 DEBUG [HikariPool-29:housekeeper] com.zaxxer.hikari.pool.HikariPool - HikariPool-29 - keepalive: connection com.mysql.cj.jdbc.ConnectionImpl@75f93abc is alive
2026-09-10 16:05:17 DEBUG [HikariPool-29:housekeeper] com.zaxxer.hikari.pool.HikariPool - HikariPool-29 - keepalive: connection com.mysql.cj.jdbc.ConnectionImpl@370e27b7 is alive
2026-09-10 16:05:20 DEBUG [HikariPool-29:housekeeper] com.zaxxer.hikari.pool.HikariPool - HikariPool-29 - keepalive: connection com.mysql.cj.jdbc.ConnectionImpl@9a76843 is alive
2026-09-10 16:05:21 DEBUG [HikariPool-29:housekeeper] com.zaxxer.hikari.pool.HikariPool - HikariPool-29 - Pool stats (total=10/10, idle=10/10, active=0, waiting=0)
2026-09-10 16:05:21 DEBUG [HikariPool-29:housekeeper] com.zaxxer.hikari.pool.HikariPool - HikariPool-29 - Fill pool skipped, pool has sufficient level or currently being filled.
2026-09-10 16:05:37 DEBUG [HikariPool-29:housekeeper] com.zaxxer.hikari.pool.HikariPool - HikariPool-29 - keepalive: connection com.mysql.cj.jdbc.ConnectionImpl@5563b532 is alive
2026-09-10 16:05:41 DEBUG [HikariPool-29:housekeeper] com.zaxxer.hikari.pool.HikariPool - HikariPool-29 - keepalive: connection com.mysql.cj.jdbc.ConnectionImpl@7d1345c0 is alive
2026-09-10 16:05:43 DEBUG [HikariPool-29:housekeeper] com.zaxxer.hikari.pool.HikariPool - HikariPool-29 - keepalive: connection com.mysql.cj.jdbc.ConnectionImpl@5418ac8 is alive
2026-09-10 16:05:51 DEBUG [HikariPool-29:housekeeper] com.zaxxer.hikari.pool.HikariPool - HikariPool-29 - Pool stats (total=10/10, idle=10/10, active=0, waiting=0)
2026-09-10 16:05:51 DEBUG [HikariPool-29:housekeeper] com.zaxxer.hikari.pool.HikariPool - HikariPool-29 - Fill pool skipped, pool has sufficient level or currently being filled.
2026-09-10 16:06:21 DEBUG [HikariPool-29:housekeeper] com.zaxxer.hikari.pool.HikariPool - HikariPool-29 - Pool stats (total=10/10, idle=10/10, active=0, waiting=0)
2026-09-10 16:06:21 DEBUG [HikariPool-29:housekeeper] com.zaxxer.hikari.pool.HikariPool - HikariPool-29 - Fill pool skipped, pool has sufficient level or currently being filled.
2026-09-10 16:06:45 DEBUG [HikariPool-29:housekeeper] com.zaxxer.hikari.pool.HikariPool - HikariPool-29 - keepalive: connection com.mysql.cj.jdbc.ConnectionImpl@6eed23c9 is alive
2026-09-10 16:06:45 DEBUG [HikariPool-29:housekeeper] com.zaxxer.hikari.pool.HikariPool - HikariPool-29 - keepalive: connection com.mysql.cj.jdbc.ConnectionImpl@1e45a5f2 is alive
2026-09-10 16:06:47 DEBUG [HikariPool-29:housekeeper] com.zaxxer.hikari.pool.HikariPool - HikariPool-29 - keepalive: connection com.mysql.cj.jdbc.ConnectionImpl@2a7dda44 is alive
2026-09-10 16:06:51 DEBUG [HikariPool-29:housekeeper] com.zaxxer.hikari.pool.HikariPool - HikariPool-29 - Pool stats (total=10/10, idle=10/10, active=0, waiting=0)
2026-09-10 16:06:51 DEBUG [HikariPool-29:housekeeper] com.zaxxer.hikari.pool.HikariPool - HikariPool-29 - Fill pool skipped, pool has sufficient level or currently being filled.
2026-09-10 16:06:55 DEBUG [HikariPool-29:housekeeper] com.zaxxer.hikari.pool.HikariPool - HikariPool-29 - keepalive: connection com.mysql.cj.jdbc.ConnectionImpl@17d5a72d is alive
2026-09-10 16:06:59 DEBUG [HikariPool-29:housekeeper] com.zaxxer.hikari.pool.HikariPool - HikariPool-29 - keepalive: connection com.mysql.cj.jdbc.ConnectionImpl@75f93abc is alive
2026-09-10 16:07:00 DEBUG [HikariPool-29:housekeeper] com.zaxxer.hikari.pool.HikariPool - HikariPool-29 - keepalive: connection com.mysql.cj.jdbc.ConnectionImpl@370e27b7 is alive
2026-09-10 16:07:04 DEBUG [HikariPool-29:housekeeper] com.zaxxer.hikari.pool.HikariPool - HikariPool-29 - keepalive: connection com.mysql.cj.jdbc.ConnectionImpl@9a76843 is alive
2026-09-10 16:07:21 DEBUG [HikariPool-29:housekeeper] com.zaxxer.hikari.pool.HikariPool - HikariPool-29 - Pool stats (total=10/10, idle=10/10, active=0, waiting=0)
2026-09-10 16:07:21 DEBUG [HikariPool-29:housekeeper] com.zaxxer.hikari.pool.HikariPool - HikariPool-29 - Fill pool skipped, pool has sufficient level or currently being filled.
2026-09-10 16:07:29 DEBUG [HikariPool-29:housekeeper] com.zaxxer.hikari.pool.HikariPool - HikariPool-29 - keepalive: connection com.mysql.cj.jdbc.ConnectionImpl@5563b532 is alive
2026-09-10 16:07:35 DEBUG [HikariPool-29:housekeeper] com.zaxxer.hikari.pool.HikariPool - HikariPool-29 - keepalive: connection com.mysql.cj.jdbc.ConnectionImpl@7d1345c0 is alive
2026-09-10 16:07:39 DEBUG [HikariPool-29:housekeeper] com.zaxxer.hikari.pool.HikariPool - HikariPool-29 - keepalive: connection com.mysql.cj.jdbc.ConnectionImpl@5418ac8 is alive
2026-09-10 16:07:51 DEBUG [HikariPool-29:housekeeper] com.zaxxer.hikari.pool.HikariPool - HikariPool-29 - Pool stats (total=10/10, idle=10/10, active=0, waiting=0)
2026-09-10 16:07:51 DEBUG [HikariPool-29:housekeeper] com.zaxxer.hikari.pool.HikariPool - HikariPool-29 - Fill pool skipped, pool has sufficient level or currently being filled.
2026-09-10 16:08:21 DEBUG [HikariPool-29:housekeeper] com.zaxxer.hikari.pool.HikariPool - HikariPool-29 - Pool stats (total=10/10, idle=10/10, active=0, waiting=0)
2026-09-10 16:08:21 DEBUG [HikariPool-29:housekeeper] com.zaxxer.hikari.pool.HikariPool - HikariPool-29 - Fill pool skipped, pool has sufficient level or currently being filled.
2026-09-10 16:08:23 DEBUG [HikariPool-29:housekeeper] com.zaxxer.hikari.pool.HikariPool - HikariPool-29 - keepalive: connection com.mysql.cj.jdbc.ConnectionImpl@6eed23c9 is alive
2026-09-10 16:08:23 DEBUG [HikariPool-29:housekeeper] com.zaxxer.hikari.pool.HikariPool - HikariPool-29 - keepalive: connection com.mysql.cj.jdbc.ConnectionImpl@1e45a5f2 is alive
2026-09-10 16:08:25 DEBUG [HikariPool-29:housekeeper] com.zaxxer.hikari.pool.HikariPool - HikariPool-29 - keepalive: connection com.mysql.cj.jdbc.ConnectionImpl@2a7dda44 is alive
2026-09-10 16:08:36 DEBUG [HikariPool-29:housekeeper] com.zaxxer.hikari.pool.HikariPool - HikariPool-29 - keepalive: connection com.mysql.cj.jdbc.ConnectionImpl@17d5a72d is alive
2026-09-10 16:08:42 DEBUG [HikariPool-29:housekeeper] com.zaxxer.hikari.pool.HikariPool - HikariPool-29 - keepalive: connection com.mysql.cj.jdbc.ConnectionImpl@75f93abc is alive
2026-09-10 16:08:43 DEBUG [HikariPool-29:housekeeper] com.zaxxer.hikari.pool.HikariPool - HikariPool-29 - keepalive: connection com.mysql.cj.jdbc.ConnectionImpl@370e27b7 is alive
2026-09-10 16:08:47 DEBUG [HikariPool-29:housekeeper] com.zaxxer.hikari.pool.HikariPool - HikariPool-29 - keepalive: connection com.mysql.cj.jdbc.ConnectionImpl@9a76843 is alive
2026-09-10 16:08:51 DEBUG [HikariPool-29:housekeeper] com.zaxxer.hikari.pool.HikariPool - HikariPool-29 - Pool stats (total=10/10, idle=10/10, active=0, waiting=0)
2026-09-10 16:08:51 DEBUG [HikariPool-29:housekeeper] com.zaxxer.hikari.pool.HikariPool - HikariPool-29 - Fill pool skipped, pool has sufficient level or currently being filled.
2026-09-10 16:09:21 DEBUG [HikariPool-29:housekeeper] com.zaxxer.hikari.pool.HikariPool - HikariPool-29 - keepalive: connection com.mysql.cj.jdbc.ConnectionImpl@5563b532 is alive
2026-09-10 16:09:21 DEBUG [HikariPool-29:housekeeper] com.zaxxer.hikari.pool.HikariPool - HikariPool-29 - Pool stats (total=10/10, idle=10/10, active=0, waiting=0)
2026-09-10 16:09:21 DEBUG [HikariPool-29:housekeeper] com.zaxxer.hikari.pool.HikariPool - HikariPool-29 - Fill pool skipped, pool has sufficient level or currently being filled.
2026-09-10 16:09:29 DEBUG [HikariPool-29:housekeeper] com.zaxxer.hikari.pool.HikariPool - HikariPool-29 - keepalive: connection com.mysql.cj.jdbc.ConnectionImpl@7d1345c0 is alive
2026-09-10 16:09:34 DEBUG [HikariPool-29:housekeeper] com.zaxxer.hikari.pool.HikariPool - HikariPool-29 - keepalive: connection com.mysql.cj.jdbc.ConnectionImpl@5418ac8 is alive
2026-09-10 16:09:51 DEBUG [HikariPool-29:housekeeper] com.zaxxer.hikari.pool.HikariPool - HikariPool-29 - Pool stats (total=10/10, idle=10/10, active=0, waiting=0)
2026-09-10 16:09:51 DEBUG [HikariPool-29:housekeeper] com.zaxxer.hikari.pool.HikariPool - HikariPool-29 - Fill pool skipped, pool has sufficient level or currently being filled.
2026-09-10 16:10:00 DEBUG [HikariPool-29:housekeeper] com.zaxxer.hikari.pool.HikariPool - HikariPool-29 - keepalive: connection com.mysql.cj.jdbc.ConnectionImpl@6eed23c9 is alive
2026-09-10 16:10:01 DEBUG [HikariPool-29:housekeeper] com.zaxxer.hikari.pool.HikariPool - HikariPool-29 - keepalive: connection com.mysql.cj.jdbc.ConnectionImpl@1e45a5f2 is alive
2026-09-10 16:10:03 DEBUG [HikariPool-29:housekeeper] com.zaxxer.hikari.pool.HikariPool - HikariPool-29 - keepalive: connection com.mysql.cj.jdbc.ConnectionImpl@2a7dda44 is alive
2026-09-10 16:10:17 DEBUG [HikariPool-29:housekeeper] com.zaxxer.hikari.pool.HikariPool - HikariPool-29 - keepalive: connection com.mysql.cj.jdbc.ConnectionImpl@17d5a72d is alive
2026-09-10 16:10:21 DEBUG [HikariPool-29:housekeeper] com.zaxxer.hikari.pool.HikariPool - HikariPool-29 - Pool stats (total=10/10, idle=10/10, active=0, waiting=0)
2026-09-10 16:10:21 DEBUG [HikariPool-29:housekeeper] com.zaxxer.hikari.pool.HikariPool - HikariPool-29 - Fill pool skipped, pool has sufficient level or currently being filled.
